
PC@DESKTOP-IOAHHJ4 MINGW64 /e/Repositories/POO20252
$ git init
Initialized empty Git repository in E:/Repositories/POO20252/.git/

PC@DESKTOP-IOAHHJ4 MINGW64 /e/Repositories/POO20252 (master)
$ git branch -M main

PC@DESKTOP-IOAHHJ4 MINGW64 /e/Repositories/POO20252 (main)
$ git remote add origin https://github.com/leomont/POO20252.git

PC@DESKTOP-IOAHHJ4 MINGW64 /e/Repositories/POO20252 (main)
$ git push
fatal: The current branch main has no upstream branch.
To push the current branch and set the remote as upstream, use

    git push --set-upstream origin main

To have this happen automatically for branches without a tracking
upstream, see 'push.autoSetupRemote' in 'git help config'.


PC@DESKTOP-IOAHHJ4 MINGW64 /e/Repositories/POO20252 (main)
$ ^C

PC@DESKTOP-IOAHHJ4 MINGW64 /e/Repositories/POO20252 (main)
$ git push --set-upstream origin main

error: src refspec main does not match any
error: failed to push some refs to 'https://github.com/leomont/POO20252.git'

PC@DESKTOP-IOAHHJ4 MINGW64 /e/Repositories/POO20252 (main)
$ git push --set-upstream origin main
error: src refspec main does not match any
error: failed to push some refs to 'https://github.com/leomont/POO20252.git'

PC@DESKTOP-IOAHHJ4 MINGW64 /e/Repositories/POO20252 (main)
$ git push -u origin main
error: src refspec main does not match any
error: failed to push some refs to 'https://github.com/leomont/POO20252.git'

PC@DESKTOP-IOAHHJ4 MINGW64 /e/Repositories/POO20252 (main)
$ git push --set-upstream origin main
error: src refspec main does not match any
error: failed to push some refs to 'https://github.com/leomont/POO20252.git'

PC@DESKTOP-IOAHHJ4 MINGW64 /e/Repositories/POO20252 (main)
$ git pull
There is no tracking information for the current branch.
Please specify which branch you want to merge with.
See git-pull(1) for details.

    git pull <remote> <branch>

If you wish to set tracking information for this branch you can do so with:

    git branch --set-upstream-to=origin/<branch> main


PC@DESKTOP-IOAHHJ4 MINGW64 /e/Repositories/POO20252 (main)
$ git pull
There is no tracking information for the current branch.
Please specify which branch you want to merge with.
See git-pull(1) for details.

    git pull <remote> <branch>

If you wish to set tracking information for this branch you can do so with:

    git branch --set-upstream-to=origin/<branch> main


PC@DESKTOP-IOAHHJ4 MINGW64 /e/Repositories/POO20252 (main)
$ git pull https://github.com/leomont/POO20252.git main
fatal: couldn't find remote ref main

PC@DESKTOP-IOAHHJ4 MINGW64 /e/Repositories/POO20252 (main)
$ git pull https://github.com/leomont/POO20252 main
fatal: couldn't find remote ref main

PC@DESKTOP-IOAHHJ4 MINGW64 /e/Repositories/POO20252 (main)
$ git status
On branch main

No commits yet

Untracked files:
  (use "git add <file>..." to include in what will be committed)
        Listado de Estudiantes.txt

nothing added to commit but untracked files present (use "git add" to track)

PC@DESKTOP-IOAHHJ4 MINGW64 /e/Repositories/POO20252 (main)
$ git add .

PC@DESKTOP-IOAHHJ4 MINGW64 /e/Repositories/POO20252 (main)
$ git status
On branch main

No commits yet

Changes to be committed:
  (use "git rm --cached <file>..." to unstage)
        new file:   Listado de Estudiantes.txt


PC@DESKTOP-IOAHHJ4 MINGW64 /e/Repositories/POO20252 (main)
$ git commit -m 'Agregar listado de alumnos'
[main (root-commit) 84df25d] Agregar listado de alumnos
 1 file changed, 1 insertion(+)
 create mode 100644 Listado de Estudiantes.txt

PC@DESKTOP-IOAHHJ4 MINGW64 /e/Repositories/POO20252 (main)
$ git status
On branch main
nothing to commit, working tree clean

PC@DESKTOP-IOAHHJ4 MINGW64 /e/Repositories/POO20252 (main)
$ git status
On branch main
nothing to commit, working tree clean

PC@DESKTOP-IOAHHJ4 MINGW64 /e/Repositories/POO20252 (main)
$ git status
On branch main
nothing to commit, working tree clean

PC@DESKTOP-IOAHHJ4 MINGW64 /e/Repositories/POO20252 (main)
$ git log
commit 84df25d53406678a29e723795f959fe5a5669097 (HEAD -> main)
Author: leomont <leonardo.montesm@gmail.com>
Date:   Wed Sep 3 21:12:31 2025 -0500

    Agregar listado de alumnos

PC@DESKTOP-IOAHHJ4 MINGW64 /e/Repositories/POO20252 (main)
$ git push
fatal: The current branch main has no upstream branch.
To push the current branch and set the remote as upstream, use

    git push --set-upstream origin main

To have this happen automatically for branches without a tracking
upstream, see 'push.autoSetupRemote' in 'git help config'.


PC@DESKTOP-IOAHHJ4 MINGW64 /e/Repositories/POO20252 (main)
$ ^C

PC@DESKTOP-IOAHHJ4 MINGW64 /e/Repositories/POO20252 (main)
$ git push --set-upstream origin main
Enumerating objects: 3, done.
Counting objects: 100% (3/3), done.
Delta compression using up to 4 threads
Compressing objects: 100% (2/2), done.
Writing objects: 100% (3/3), 282 bytes | 282.00 KiB/s, done.
Total 3 (delta 0), reused 0 (delta 0), pack-reused 0 (from 0)
To https://github.com/leomont/POO20252.git
 * [new branch]      main -> main
branch 'main' set up to track 'origin/main'.

PC@DESKTOP-IOAHHJ4 MINGW64 /e/Repositories/POO20252 (main)
$ git pull
Already up to date.

PC@DESKTOP-IOAHHJ4 MINGW64 /e/Repositories/POO20252 (main)
$ git status
On branch main
Your branch is up to date with 'origin/main'.

Changes not staged for commit:
  (use "git add <file>..." to update what will be committed)
  (use "git restore <file>..." to discard changes in working directory)
        modified:   Listado de Estudiantes.txt

no changes added to commit (use "git add" and/or "git commit -a")

PC@DESKTOP-IOAHHJ4 MINGW64 /e/Repositories/POO20252 (main)
$ git add .

PC@DESKTOP-IOAHHJ4 MINGW64 /e/Repositories/POO20252 (main)
$ git status
On branch main
Your branch is up to date with 'origin/main'.

Changes to be committed:
  (use "git restore --staged <file>..." to unstage)
        modified:   Listado de Estudiantes.txt


PC@DESKTOP-IOAHHJ4 MINGW64 /e/Repositories/POO20252 (main)
$ git commit -m 'Agregar el nombre del profesor al archivo del grupo'
[main a59889d] Agregar el nombre del profesor al archivo del grupo
 1 file changed, 3 insertions(+), 1 deletion(-)

PC@DESKTOP-IOAHHJ4 MINGW64 /e/Repositories/POO20252 (main)
$ git log
commit a59889d13bf3004ce81c505e59e8e59089351e99 (HEAD -> main)
Author: leomont <leonardo.montesm@gmail.com>
Date:   Wed Sep 3 21:17:43 2025 -0500

    Agregar el nombre del profesor al archivo del grupo

commit 84df25d53406678a29e723795f959fe5a5669097 (origin/main)
Author: leomont <leonardo.montesm@gmail.com>
Date:   Wed Sep 3 21:12:31 2025 -0500

    Agregar listado de alumnos

PC@DESKTOP-IOAHHJ4 MINGW64 /e/Repositories/POO20252 (main)
$ git push
Enumerating objects: 5, done.
Counting objects: 100% (5/5), done.
Delta compression using up to 4 threads
Compressing objects: 100% (3/3), done.
Writing objects: 100% (3/3), 360 bytes | 360.00 KiB/s, done.
Total 3 (delta 0), reused 0 (delta 0), pack-reused 0 (from 0)
To https://github.com/leomont/POO20252.git
   84df25d..a59889d  main -> main

PC@DESKTOP-IOAHHJ4 MINGW64 /e/Repositories/POO20252 (main)
$ git pull
Already up to date.
